src/components/StoryDashboard.tsx(24,59): error TS2345: Argument of type '(id: string, source: any) => any[]' is not assignable to parameter of type '(data: any) => number'.
  Target signature provides too few arguments. Expected 2 or more, but got 1.
